###############################################################################
#
# IAR ELF Linker V9.10.1.308/W64 for ARM                  21/Feb/2024  12:02:50
# Copyright 2007-2021 IAR Systems AB.
#
#    Output file  =  C:\Abdo\Programming\CSE411-RTOS\Lab1\Debug\Exe\rtlab.out
#    Map file     =  C:\Abdo\Programming\CSE411-RTOS\Lab1\Debug\List\rtlab.map
#    Command line =
#        -f C:\Abdo\Programming\CSE411-RTOS\Lab1\Debug\Exe\rtlab.out.rsp
#        (C:\Abdo\Programming\CSE411-RTOS\Lab1\Debug\Obj\MCAL\GPIO.o
#        C:\Abdo\Programming\CSE411-RTOS\Lab1\Debug\Obj\HAL\LED.o
#        C:\Abdo\Programming\CSE411-RTOS\Lab1\Debug\Obj\main.o
#        C:\Abdo\Programming\CSE411-RTOS\Lab1\Debug\Obj\startup_ewarm.o
#        C:\Abdo\Programming\CSE411-RTOS\Lab1\Debug\Obj\MCAL\SYSTICK.o
#        --no_out_extension -o
#        C:\Abdo\Programming\CSE411-RTOS\Lab1\Debug\Exe\rtlab.out --redirect
#        _Printf=_PrintfFullNoMb --redirect _Scanf=_ScanfFullNoMb --map
#        C:\Abdo\Programming\CSE411-RTOS\Lab1\Debug\List\rtlab.map --config
#        "C:\Program Files\IAR Systems\Embedded Workbench
#        9.0\arm\config\linker\TexasInstruments\TM4C123GH6.icf" --semihosting
#        --entry __iar_program_start --vfe --text_out locale)
#
###############################################################################

*******************************************************************************
*** RUNTIME MODEL ATTRIBUTES
***

CppFlavor       = *
__SystemLibrary = DLib
__dlib_version  = 6


*******************************************************************************
*** HEAP SELECTION
***

The basic heap was selected because no calls to memory allocation
functions were found in the application outside of system library
functions, and there are calls to deallocation functions in the
application.


*******************************************************************************
*** PLACEMENT SUMMARY
***

"A0":  place at address 0x0 { ro section .intvec };
"P1":  place in [from 0x0 to 0x3'ffff] { ro };
define block CSTACK with size = 4K, alignment = 8 { };
define block HEAP with size = 8K, alignment = 8 { };
"P2":  place in [from 0x2000'0000 to 0x2000'7fff] {
          rw, block CSTACK, block HEAP };
do not initialize { rw section .noinit };

  Section          Kind         Address   Size  Object
  -------          ----         -------   ----  ------
"A0":                                    0x26c
  .intvec          const            0x0  0x26c  startup_ewarm.o [1]
                                - 0x26c  0x26c

"P1":                                    0x56e
  .text            ro code        0x26c  0x370  GPIO.o [3]
  .text            ro code        0x5dc   0x66  main.o [1]
  .text            ro code        0x642   0x40  LED.o [2]
  .text            ro code        0x684   0x50  SYSTICK.o [3]
  .text            ro code        0x6d4   0x38  zero_init3.o [6]
  .text            ro code        0x70c   0x28  data_init.o [6]
  .text            ro code        0x734   0x22  fpinit_M.o [5]
  .iar.init_table  const          0x758   0x10  - Linker created -
  .text            ro code        0x768   0x1e  cmain.o [6]
  .text            ro code        0x786    0x4  low_level_init.o [4]
  .text            ro code        0x78a    0x4  exit.o [4]
  .text            ro code        0x790    0xa  cexit.o [6]
  .text            ro code        0x79c   0x14  exit.o [7]
  .text            ro code        0x7b0   0x1c  cstartup_M.o [6]
  .text            ro code        0x7cc    0xe  startup_ewarm.o [1]
  .rodata          const          0x7da    0x0  zero_init3.o [6]
                                - 0x7da  0x56e

"P2", part 1 of 2:                         0x4
  .bss             zero     0x2000'0000    0x4  main.o [1]
                          - 0x2000'0004    0x4

"P2", part 2 of 2:                       0x400
  .noinit          uninit   0x2000'0004  0x400  startup_ewarm.o [1]
                          - 0x2000'0404  0x400

Unused ranges:

         From           To      Size
         ----           --      ----
        0x7da     0x3'ffff  0x3'f826
  0x2000'0404  0x2000'7fff    0x7bfc


*******************************************************************************
*** INIT TABLE
***

          Address      Size
          -------      ----
Zero (__iar_zero_init3)
    1 destination range, total size 0x4:
          0x2000'0000   0x4



*******************************************************************************
*** MODULE SUMMARY
***

    Module            ro code  ro data  rw data
    ------            -------  -------  -------
command line/config:
    -------------------------------------------
    Total:

C:\Abdo\Programming\CSE411-RTOS\Lab1\Debug\Obj: [1]
    main.o                102                 4
    startup_ewarm.o        14      620    1'024
    -------------------------------------------
    Total:                116      620    1'028

C:\Abdo\Programming\CSE411-RTOS\Lab1\Debug\Obj\HAL: [2]
    LED.o                  64
    -------------------------------------------
    Total:                 64

C:\Abdo\Programming\CSE411-RTOS\Lab1\Debug\Obj\MCAL: [3]
    GPIO.o                880
    SYSTICK.o              80
    -------------------------------------------
    Total:                960

dl7M_tln.a: [4]
    exit.o                  4
    low_level_init.o        4
    -------------------------------------------
    Total:                  8

m7M_tls.a: [5]
    fpinit_M.o             34
    -------------------------------------------
    Total:                 34

rt7M_tl.a: [6]
    cexit.o                10
    cmain.o                30
    cstartup_M.o           28
    data_init.o            40
    zero_init3.o           56
    -------------------------------------------
    Total:                164

shb_l.a: [7]
    exit.o                 20
    -------------------------------------------
    Total:                 20

    Gaps                    6        2
    Linker created                  16
-----------------------------------------------
    Grand Total:        1'372      638    1'028


*******************************************************************************
*** ENTRY LIST
***

Entry                       Address   Size  Type      Object
-----                       -------   ----  ----      ------
.iar.init_table$$Base         0x758          --   Gb  - Linker created -
.iar.init_table$$Limit        0x768          --   Gb  - Linker created -
?main                         0x769         Code  Gb  cmain.o [6]
FaultISR                      0x7d7    0x2  Code  Lc  startup_ewarm.o [1]
GPIO_init                     0x26d  0x266  Code  Gb  GPIO.o [3]
GPIO_togglePin                0x4d3   0x86  Code  Gb  GPIO.o [3]
IntDefaultHandler             0x7d9    0x2  Code  Lc  startup_ewarm.o [1]
LED_init                      0x643   0x28  Code  Gb  LED.o [2]
NmiSR                         0x7d5    0x2  Code  Lc  startup_ewarm.o [1]
Region$$Table$$Base           0x758          --   Gb  - Linker created -
Region$$Table$$Limit          0x768          --   Gb  - Linker created -
ResetISR                      0x7cd    0x8  Code  Gb  startup_ewarm.o [1]
SysTickClkSrc                 0x6a1    0xe  Code  Gb  SYSTICK.o [3]
SysTickDisable                0x685    0xe  Code  Gb  SYSTICK.o [3]
SysTickEnable                 0x693    0xe  Code  Gb  SYSTICK.o [3]
SysTickInterruptEnable        0x6af    0xe  Code  Gb  SYSTICK.o [3]
SysTickPeriodSet              0x6bd    0xe  Code  Gb  SYSTICK.o [3]
SysTick_Handler               0x609    0xc  Code  Gb  main.o [1]
__cmain                       0x769         Code  Gb  cmain.o [6]
__exit                        0x79d   0x14  Code  Gb  exit.o [7]
__iar_data_init3              0x70d   0x28  Code  Gb  data_init.o [6]
__iar_init_vfp                0x735         Code  Gb  fpinit_M.o [5]
__iar_program_start           0x7b1         Code  Gb  cstartup_M.o [6]
__iar_zero_init3              0x6d5   0x38  Code  Gb  zero_init3.o [6]
__low_level_init              0x787    0x4  Code  Gb  low_level_init.o [4]
__vector_table                  0x0  0x26c  Data  Gb  startup_ewarm.o [1]
_call_main                    0x775         Code  Gb  cmain.o [6]
_exit                         0x791         Code  Gb  cexit.o [6]
blinky1                       0x5dd   0x16  Code  Gb  main.o [1]
blinky2                       0x5f3   0x16  Code  Gb  main.o [1]
ctr                     0x2000'0000    0x4  Data  Gb  main.o [1]
exit                          0x78b    0x4  Code  Gb  exit.o [4]
main                          0x619   0x2a  Code  Gb  main.o [1]
pui32Stack              0x2000'0004  0x400  Data  Lc  startup_ewarm.o [1]
toggleBlue                    0x677    0xc  Code  Gb  LED.o [2]
toggleRed                     0x66b    0xc  Code  Gb  LED.o [2]


[1] = C:\Abdo\Programming\CSE411-RTOS\Lab1\Debug\Obj
[2] = C:\Abdo\Programming\CSE411-RTOS\Lab1\Debug\Obj\HAL
[3] = C:\Abdo\Programming\CSE411-RTOS\Lab1\Debug\Obj\MCAL
[4] = dl7M_tln.a
[5] = m7M_tls.a
[6] = rt7M_tl.a
[7] = shb_l.a

  1'372 bytes of readonly  code memory
    638 bytes of readonly  data memory
  1'028 bytes of readwrite data memory

Errors: none
Warnings: none
